[17Jul2026 19:24:45.989] [main/INFO] [net.neoforged.fml.startup.Entrypoint/]: JVM Uptime at startup: 232ms
[17Jul2026 19:24:46.012] [main/INFO] [net.neoforged.fml.loading.FMLLoader/]: Starting FancyModLoader version 11.0.13 (CLIENT in DEV)
[17Jul2026 19:24:46.012] [main/INFO] [net.neoforged.fml.loading.FMLLoader/]: Game directory: E:\winstuff\dokumen\GitHub\objhud\neoforge\runs\client
[17Jul2026 19:24:46.100] [main/INFO] [net.neoforged.fml.loading.EarlyServiceDiscovery/]: Found 2 early service jars (out of 122) in 39ms
[17Jul2026 19:24:46.101] [main/INFO] [net.neoforged.fml.loading.FMLLoader/]: Loading FML Early Services:
[17Jul2026 19:24:46.102] [main/INFO] [net.neoforged.fml.loading.FMLLoader/]:  - C:/Users/Nadillah/.gradle/caches/modules-2/files-2.1/net.neoforged.fancymodloader/loader/11.0.13/c9c89eaf35535990110088224d188748d81eaecf/loader-11.0.13.jar
[17Jul2026 19:24:46.104] [main/INFO] [net.neoforged.fml.loading.FMLLoader/]:  - C:/Users/Nadillah/.gradle/caches/modules-2/files-2.1/net.neoforged.fancymodloader/earlydisplay/11.0.13/491a1bedecb33802fa118cae384b60f91f6f0241/earlydisplay-11.0.13.jar
[17Jul2026 19:24:46.112] [main/INFO] [net.neoforged.fml.loading.ImmediateWindowHandler/]: Loading ImmediateWindowProvider fmlearlywindow
[17Jul2026 19:24:46.582] [fml-loadingscreen/INFO] [net.neoforged.fml.earlydisplay.render.LoadingScreenRenderer/]: GL info: Intel(R) UHD Graphics 630 GL version 3.3.0 - Build 27.20.100.8729, Intel
[17Jul2026 19:24:46.602] [ForkJoinPool.commonPool-worker-7/INFO] [net.neoforged.fml.loading.moddiscovery.locators.GameLocator/]: Detected a joined NeoForge and Minecraft configuration. Applying filtering...
[17Jul2026 19:24:46.754] [ForkJoinPool.commonPool-worker-7/INFO] [net.neoforged.fml.loading.moddiscovery.locators.InDevFolderLocator/CORE]: Got mod coordinates starhud%%E:\winstuff\dokumen\GitHub\objhud\neoforge\build\classes\java\main;starhud%%E:\winstuff\dokumen\GitHub\objhud\neoforge\build\resources\main from env
[17Jul2026 19:24:46.998] [ForkJoinPool.commonPool-worker-7/INFO] [net.neoforged.fml.loading.moddiscovery.locators.JarInJarDependencyLocator/]: Found 2 dependencies adding them to mods collection
[17Jul2026 19:24:47.003] [ForkJoinPool.commonPool-worker-7/INFO] [net.neoforged.fml.loading.moddiscovery.ModDiscoverer/]: 
     Mod List:
		Name Version (Mod Id)

		Cloth Config v26.2 API 26.2.155 (cloth_config)
		Minecraft 26.2 (minecraft)
		NeoForge 26.2.0.1-beta (neoforge)
		StarHUD 2.5.2 (starhud)
[17Jul2026 19:24:47.385] [main/INFO] [mixin/]: SpongePowered MIXIN Subsystem Version=0.8.7 Source=file:/C:/Users/Nadillah/.gradle/caches/modules-2/files-2.1/net.fabricmc/sponge-mixin/0.17.3+mixin.0.8.7/41c4a3984a80f4679e759fb9f495587acc5cdac7/sponge-mixin-0.17.3+mixin.0.8.7.jar Service=FML Env=CLIENT
[17Jul2026 19:24:47.422] [main/INFO] [net.neoforged.fml.loading.FMLLoader/]: Loading FML Plugins:
[17Jul2026 19:24:47.424] [main/INFO] [net.neoforged.fml.loading.FMLLoader/]:  - C:/Users/Nadillah/.gradle/caches/modules-2/files-2.1/net.neoforged/neoforge/26.2.0.1-beta/adf46687f095b96df4bf65a1629ae3873e1ad866/neoforge-26.2.0.1-beta-universal.jar > net.neoforged.neoforge-coremods-26.2.0.1-beta.jar
[17Jul2026 19:24:47.549] [main/INFO] [net.neoforged.fml.loading.FMLLoader/]: Building game content classloader:
 - cloth_config (jar(C:/Users/Nadillah/.gradle/caches/modules-2/files-2.1/me.shedaniel.cloth/cloth-config-neoforge/26.2.155/6ea13f34b0fcdcc9299b766efa199dcc7cb73878/cloth-config-neoforge-26.2.155.jar))
 - minecraft (composite(filtered(jar(E:/winstuff/dokumen/GitHub/objhud/neoforge/build/moddev/artifacts/minecraft-patched-26.2.0.1-beta.jar)), filtered(jar(E:/winstuff/dokumen/GitHub/objhud/neoforge/build/moddev/artifacts/minecraft-patched-26.2.0.1-beta.jar))))
 - mixinextras.neoforge (jar(C:/Users/Nadillah/.gradle/caches/modules-2/files-2.1/net.neoforged/neoforge/26.2.0.1-beta/adf46687f095b96df4bf65a1629ae3873e1ad866/neoforge-26.2.0.1-beta-universal.jar > mixinextras-neoforge-0.5.4.jar))
 - neoforge (composite(filtered(jar(C:/Users/Nadillah/.gradle/caches/modules-2/files-2.1/net.neoforged/neoforge/26.2.0.1-beta/adf46687f095b96df4bf65a1629ae3873e1ad866/neoforge-26.2.0.1-beta-universal.jar))))
 - net.neoforged.fml.generated (empty(VirtualJar/net.neoforged.fml.generated))
 - starhud (composite(folder(E:/winstuff/dokumen/GitHub/objhud/neoforge/build/classes/java/main), folder(E:/winstuff/dokumen/GitHub/objhud/neoforge/build/resources/main)))
[17Jul2026 19:24:47.567] [main/INFO] [net.neoforged.fml.loading.FMLLoader/]: Built game content classloader in 30ms
[17Jul2026 19:24:47.656] [main/INFO] [mixin/]: Compatibility level set to JAVA_25
[17Jul2026 19:24:49.839] [Datafixer Bootstrap #0/INFO] [com.mojang.datafixers.DataFixerBuilder/]: 298 Datafixer optimizations took 559 milliseconds
[17Jul2026 19:24:50.056] [pool-9-thread-1/INFO] [MixinExtras|Service/]: Initializing MixinExtras via com.llamalad7.mixinextras.service.MixinExtrasServiceImpl(version=0.5.4).
[17Jul2026 19:24:55.988] [main/WARN] [net.minecraft.commands.Commands/]: Ambiguity between arguments [teleport, location] and [teleport, destination] with inputs: [0.1 -0.5 .9, 0 0 0]
[17Jul2026 19:24:55.990] [main/WARN] [net.minecraft.commands.Commands/]: Ambiguity between arguments [teleport, location] and [teleport, targets] with inputs: [0.1 -0.5 .9, 0 0 0]
[17Jul2026 19:24:55.995] [main/WARN] [net.minecraft.commands.Commands/]: Ambiguity between arguments [teleport, destination] and [teleport, targets] with inputs: [Player, 0123, @e, dd12be42-52a9-4a91-a8a1-11c01849e498]
[17Jul2026 19:24:55.997] [main/WARN] [net.minecraft.commands.Commands/]: Ambiguity between arguments [teleport, targets] and [teleport, destination] with inputs: [Player, 0123, dd12be42-52a9-4a91-a8a1-11c01849e498]
[17Jul2026 19:24:56.000] [main/WARN] [net.minecraft.commands.Commands/]: Ambiguity between arguments [teleport, targets, location] and [teleport, targets, destination] with inputs: [0.1 -0.5 .9, 0 0 0]
[17Jul2026 19:24:56.003] [main/WARN] [net.minecraft.commands.Commands/]: Ambiguity between arguments [time, set, time] and [time, set, timemarker] with inputs: [0, 0s, 0d, 0t]
[17Jul2026 19:24:56.005] [main/WARN] [net.minecraft.commands.Commands/]: Ambiguity between arguments [time, set, timemarker] and [time, set, time] with inputs: [012]
[17Jul2026 19:24:56.008] [main/WARN] [net.minecraft.commands.Commands/]: Ambiguity between arguments [time, of, clock, set, time] and [time, of, clock, set, timemarker] with inputs: [0, 0s, 0d, 0t]
[17Jul2026 19:24:56.010] [main/WARN] [net.minecraft.commands.Commands/]: Ambiguity between arguments [time, of, clock, set, timemarker] and [time, of, clock, set, time] with inputs: [012]
[17Jul2026 19:24:56.090] [modloading-worker-0/INFO] [net.neoforged.neoforge.common.NeoForgeMod/NEOFORGE-MOD]: NeoForge mod loading, version 26.2.0.1-beta, for MC 26.2
[17Jul2026 19:24:56.803] [Render thread/INFO] [com.mojang.authlib.yggdrasil.YggdrasilAuthenticationService/]: Environment: Environment[sessionHost=https://sessionserver.mojang.com, servicesHost=https://api.minecraftservices.com, profilesHost=https://api.mojang.com, name=PROD]
[17Jul2026 19:24:56.830] [Render thread/INFO] [net.minecraft.client.Minecraft/]: Setting user: Dev
[17Jul2026 19:24:56.950] [Render thread/INFO] [net.minecraft.client.Minecraft/]: Backend library: LWJGL version 3.4.1+2
[17Jul2026 19:24:58.100] [Render thread/WARN] [com.mojang.blaze3d.vulkan.VulkanBackend/]: Device [Intel(R) UHD Graphics 630] does not support required extensions, missing: [VK_KHR_synchronization2, VK_KHR_dynamic_rendering]
[17Jul2026 19:24:58.101] [Render thread/WARN] [com.mojang.blaze3d.vulkan.VulkanBackend/]: Device [Intel(R) UHD Graphics 630] does not have required feature [dynamicRendering]
[17Jul2026 19:24:58.101] [Render thread/WARN] [com.mojang.blaze3d.vulkan.VulkanBackend/]: Device [Intel(R) UHD Graphics 630] does not have required feature [synchronization2]
[17Jul2026 19:24:58.178] [Render thread/INFO] [net.minecraft.client.Minecraft/]: Using graphics backend OpenGL, using drivers: 3.3.0 - Build 27.20.100.8729
[17Jul2026 19:24:58.178] [Render thread/INFO] [net.minecraft.client.Minecraft/]: Using graphics device: Intel(R) UHD Graphics 630 (Intel)
[17Jul2026 19:24:58.179] [Render thread/INFO] [net.minecraft.client.Minecraft/]: Using graphics device extensions: GL_ARB_multi_draw_indirect, GL_ARB_buffer_storage, GL_ARB_shader_draw_parameters, GL_ARB_base_instance, GL_KHR_debug, GL_ARB_draw_indirect, GL_ARB_clip_control, GL_ARB_vertex_attrib_binding, GL_ARB_direct_state_access, GL_EXT_texture_filter_anisotropic
[17Jul2026 19:24:59.016] [Render thread/INFO] [net.minecraft.server.packs.resources.ReloadableResourceManager/]: Reloading ResourceManager: vanilla, mod_resources, mod/cloth_config, mod/neoforge, mod/starhud
[17Jul2026 19:24:59.517] [resourceLoad/INFO] [net.minecraft.client.gui.font.providers.UnihexProvider/]: Found unifont_all_no_pua-17.0.01.hex, loading
[17Jul2026 19:24:59.518] [resourceLoad/INFO] [net.minecraft.client.gui.font.providers.UnihexProvider/]: Found unifont_pua-17.0.01.hex, loading
[17Jul2026 19:24:59.864] [resourceLoad/INFO] [net.minecraft.client.gui.font.providers.UnihexProvider/]: Found unifont_jp_patch-17.0.01.hex, loading
[17Jul2026 19:25:01.357] [Render thread/WARN] [com.mojang.blaze3d.opengl.GlProgram/]: neoforge:pipeline/item_translucent_unlit shader program does not use sampler Sampler2 defined in the pipeline. This might be a bug.
[17Jul2026 19:25:01.860] [Render thread/WARN] [com.mojang.blaze3d.opengl.GlProgram/]: neoforge:pipeline/item_cutout_unlit shader program does not use sampler Sampler2 defined in the pipeline. This might be a bug.
[17Jul2026 19:25:03.862] [Render thread/INFO] [com.mojang.blaze3d.audio.Library/]: OpenAL initialized on device OpenAL Soft on Speakers (Realtek(R) Audio)
[17Jul2026 19:25:03.864] [Render thread/INFO] [net.minecraft.client.sounds.SoundEngine/SOUNDS]: Sound engine started
[17Jul2026 19:25:03.867] [Render thread/INFO] [net.minecraft.client.renderer.texture.TextureAtlas/]: Created: 512x256x0 minecraft:textures/atlas/particles.png-atlas
[17Jul2026 19:25:03.981] [Render thread/INFO] [net.minecraft.client.renderer.texture.TextureAtlas/]: Created: 128x128x0 minecraft:textures/atlas/decorated_pot.png-atlas
[17Jul2026 19:25:03.988] [Render thread/INFO] [net.minecraft.client.renderer.texture.TextureAtlas/]: Created: 2048x1024x0 minecraft:textures/atlas/armor_trims.png-atlas
[17Jul2026 19:25:04.117] [Render thread/INFO] [net.minecraft.client.renderer.texture.TextureAtlas/]: Created: 512x256x0 minecraft:textures/atlas/paintings.png-atlas
[17Jul2026 19:25:04.133] [Render thread/INFO] [net.minecraft.client.renderer.texture.TextureAtlas/]: Created: 1024x512x0 minecraft:textures/atlas/shield_patterns.png-atlas
[17Jul2026 19:25:04.148] [Render thread/INFO] [net.minecraft.client.renderer.texture.TextureAtlas/]: Created: 2048x2048x4 minecraft:textures/atlas/blocks.png-atlas
[17Jul2026 19:25:05.002] [Render thread/INFO] [net.minecraft.client.renderer.texture.TextureAtlas/]: Created: 512x512x0 minecraft:textures/atlas/chest.png-atlas
[17Jul2026 19:25:05.011] [Render thread/INFO] [net.minecraft.client.renderer.texture.TextureAtlas/]: Created: 256x128x0 minecraft:textures/atlas/celestials.png-atlas
[17Jul2026 19:25:05.015] [Render thread/INFO] [net.minecraft.client.renderer.texture.TextureAtlas/]: Created: 1024x512x0 minecraft:textures/atlas/banner_patterns.png-atlas
[17Jul2026 19:25:05.029] [Render thread/INFO] [net.minecraft.client.renderer.texture.TextureAtlas/]: Created: 1024x512x0 minecraft:textures/atlas/items.png-atlas
[17Jul2026 19:25:05.195] [Render thread/INFO] [net.minecraft.client.renderer.texture.TextureAtlas/]: Created: 1024x1024x0 minecraft:textures/atlas/gui.png-atlas
[17Jul2026 19:25:05.264] [Render thread/INFO] [net.minecraft.client.renderer.texture.TextureAtlas/]: Created: 128x64x0 minecraft:textures/atlas/map_decorations.png-atlas
[17Jul2026 19:25:05.266] [Render thread/INFO] [net.minecraft.client.renderer.texture.TextureAtlas/]: Created: 512x512x0 minecraft:textures/atlas/shulker_boxes.png-atlas
[17Jul2026 19:25:05.476] [Render thread/INFO] [net.neoforged.neoforge.client.entity.animation.json.AnimationLoader/]: Loaded 0 entity animations
[17Jul2026 19:25:09.791] [Render thread/WARN] [net.neoforged.neoforge.common.CommonHooks/WP]: The following mods have version differences that were not resolved:
starhud (version 26.2.0.0 -> 2.5.2)
Things may not work well.
[17Jul2026 19:25:11.538] [Render thread/INFO] [net.minecraft.world.item.crafting.RecipeManager/]: Loaded 1585 recipes
[17Jul2026 19:25:11.552] [Render thread/INFO] [net.minecraft.advancements.AdvancementTree/]: Loaded 1688 advancements
[17Jul2026 19:25:11.555] [Render thread/INFO] [net.neoforged.neoforge.common.crafting.RecipePriorityManager/]: Loaded 0 recipe priority overrides
[17Jul2026 19:25:11.922] [Server thread/INFO] [net.minecraft.client.server.IntegratedServer/]: Starting integrated minecraft server version 26.2
[17Jul2026 19:25:11.922] [Server thread/INFO] [net.minecraft.server.MinecraftServer/]: Generating keypair
[17Jul2026 19:25:12.488] [Server thread/INFO] [net.minecraft.server.level.progress.LoggingLevelLoadListener/]: Loading 0 persistent chunks...
[17Jul2026 19:25:12.489] [Server thread/INFO] [net.minecraft.server.level.progress.LoggingLevelLoadListener/]: Preparing spawn area: 16%
[17Jul2026 19:25:12.500] [Server thread/INFO] [net.minecraft.server.MinecraftServer/]: Saving chunks for level 'ServerLevel[New World]'/minecraft:overworld
[17Jul2026 19:25:12.585] [Server thread/INFO] [net.minecraft.server.MinecraftServer/]: Saving chunks for level 'ServerLevel[New World]'/minecraft:the_end
[17Jul2026 19:25:12.648] [Server thread/INFO] [net.minecraft.server.MinecraftServer/]: Saving chunks for level 'ServerLevel[New World]'/minecraft:the_nether
[17Jul2026 19:25:12.829] [Server thread/INFO] [net.minecraft.server.MinecraftServer/]: ThreadedAnvilChunkStorage (world): All chunks are saved
[17Jul2026 19:25:12.829] [Server thread/INFO] [net.minecraft.server.MinecraftServer/]: ThreadedAnvilChunkStorage (DIM1): All chunks are saved
[17Jul2026 19:25:12.830] [Server thread/INFO] [net.minecraft.server.MinecraftServer/]: ThreadedAnvilChunkStorage (DIM-1): All chunks are saved
[17Jul2026 19:25:12.830] [Server thread/INFO] [net.minecraft.server.MinecraftServer/]: ThreadedAnvilChunkStorage: All dimensions are saved
[17Jul2026 19:25:12.835] [Server thread/INFO] [net.neoforged.neoforge.server.permission.PermissionAPI/]: Successfully initialized permission handler neoforge:default_handler
[17Jul2026 19:25:13.477] [Server thread/INFO] [net.minecraft.server.level.progress.LoggingLevelLoadListener/]: Loading 49 chunks for player spawn...
[17Jul2026 19:25:13.478] [Server thread/INFO] [net.minecraft.server.level.progress.LoggingLevelLoadListener/]: Preparing spawn area: 16%
[17Jul2026 19:25:13.537] [Server thread/INFO] [net.minecraft.server.level.progress.LoggingLevelLoadListener/]: Preparing spawn area: 16%
[17Jul2026 19:25:13.887] [Server thread/INFO] [net.minecraft.server.level.progress.LoggingLevelLoadListener/]: Time elapsed: 1399 ms
[17Jul2026 19:25:14.285] [Server thread/INFO] [net.minecraft.server.players.PlayerList/]: Dev[local:E:aea2bd21] logged in with entity id 1 at (14.321578488873465, -48.71733110856339, 8.528284727846792)
[17Jul2026 19:25:14.352] [Server thread/INFO] [net.minecraft.server.MinecraftServer/]: Dev joined the game
[17Jul2026 19:25:14.476] [Render thread/INFO] [starhud/]: HELMET Added to Hud Map.
[17Jul2026 19:25:14.476] [Render thread/INFO] [starhud/]: CHESTPLATE Added to Hud Map.
[17Jul2026 19:25:14.476] [Render thread/INFO] [starhud/]: LEGGINGS Added to Hud Map.
[17Jul2026 19:25:14.477] [Render thread/INFO] [starhud/]: BOOTS Added to Hud Map.
[17Jul2026 19:25:14.477] [Render thread/INFO] [starhud/]: X_COORDINATE Added to Hud Map.
[17Jul2026 19:25:14.477] [Render thread/INFO] [starhud/]: Y_COORDINATE Added to Hud Map.
[17Jul2026 19:25:14.478] [Render thread/INFO] [starhud/]: Z_COORDINATE Added to Hud Map.
[17Jul2026 19:25:14.478] [Render thread/INFO] [starhud/]: NETHER_X_COORDINATE Added to Hud Map.
[17Jul2026 19:25:14.478] [Render thread/INFO] [starhud/]: NETHER_Y_COORDINATE Added to Hud Map.
[17Jul2026 19:25:14.478] [Render thread/INFO] [starhud/]: NETHER_Z_COORDINATE Added to Hud Map.
[17Jul2026 19:25:14.479] [Render thread/INFO] [starhud/]: LEFT_HAND Added to Hud Map.
[17Jul2026 19:25:14.479] [Render thread/INFO] [starhud/]: RIGHT_HAND Added to Hud Map.
[17Jul2026 19:25:14.480] [Render thread/INFO] [starhud/]: CLOCK_INGAME Added to Hud Map.
[17Jul2026 19:25:14.480] [Render thread/INFO] [starhud/]: CLOCK_SYSTEM Added to Hud Map.
[17Jul2026 19:25:14.481] [Render thread/INFO] [starhud/]: BIOME Added to Hud Map.
[17Jul2026 19:25:14.481] [Render thread/INFO] [starhud/]: DAY Added to Hud Map.
[17Jul2026 19:25:14.481] [Render thread/INFO] [starhud/]: DIRECTION Added to Hud Map.
[17Jul2026 19:25:14.482] [Render thread/INFO] [starhud/]: FPS Added to Hud Map.
[17Jul2026 19:25:14.482] [Render thread/INFO] [starhud/]: TPS Added to Hud Map.
[17Jul2026 19:25:14.483] [Render thread/INFO] [starhud/]: INVENTORY Added to Hud Map.
[17Jul2026 19:25:14.483] [Render thread/INFO] [starhud/]: INVENTORY_SPACE Added to Hud Map.
[17Jul2026 19:25:14.483] [Render thread/INFO] [starhud/]: PING Added to Hud Map.
[17Jul2026 19:25:14.484] [Render thread/INFO] [starhud/]: SPEED Added to Hud Map.
[17Jul2026 19:25:14.484] [Render thread/INFO] [starhud/]: TARGETED_CROSSHAIR Added to Hud Map.
[17Jul2026 19:25:14.484] [Render thread/INFO] [starhud/]: PLAYER_COUNT Added to Hud Map.
[17Jul2026 19:25:14.485] [Render thread/INFO] [starhud/]: COMBO Added to Hud Map.
[17Jul2026 19:25:14.485] [Render thread/INFO] [starhud/]: REACH Added to Hud Map.
[17Jul2026 19:25:14.486] [Render thread/INFO] [starhud/]: POSITIVE_EFFECT Added to Hud Map.
[17Jul2026 19:25:14.486] [Render thread/INFO] [starhud/]: NEGATIVE_EFFECT Added to Hud Map.
[17Jul2026 19:25:14.519] [Render thread/WARN] [net.minecraft.client.multiplayer.ClientPacketListener/]: Ignoring chat session from Dev due to missing Services public key
[17Jul2026 19:25:14.523] [Render thread/INFO] [net.minecraft.advancements.AdvancementTree/]: Loaded 20 advancements
[17Jul2026 19:25:14.524] [Server thread/INFO] [net.minecraft.client.server.IntegratedServer/]: Changing view distance to 16, from 10
[17Jul2026 19:25:14.529] [Server thread/INFO] [net.minecraft.client.server.IntegratedServer/]: Changing simulation distance to 12, from 0
[17Jul2026 19:25:14.758] [Render thread/INFO] [net.minecraft.client.renderer.DynamicUniformStorage/]: Resizing Dynamic Transforms UBO, capacity limit of 2 reached during a single frame. New capacity will be 4.
[17Jul2026 19:25:14.911] [Render thread/INFO] [net.minecraft.client.renderer.DynamicUniformStorage/]: Resizing Dynamic Transforms UBO, capacity limit of 4 reached during a single frame. New capacity will be 8.
[17Jul2026 19:25:15.189] [Render thread/INFO] [net.minecraft.client.renderer.DynamicUniformStorage/]: Resizing Chunk Sections UBO, capacity limit of 2 reached during a single frame. New capacity will be 16.
[17Jul2026 19:25:18.623] [Server thread/INFO] [net.minecraft.server.MinecraftServer/]: [Dev: Set minecraft:overworld to time marker minecraft:day]
[17Jul2026 19:25:18.630] [Render thread/INFO] [net.minecraft.client.gui.components.ChatComponent/]: [System] [CHAT] Set minecraft:overworld to time marker minecraft:day
[17Jul2026 19:25:20.387] [Server thread/INFO] [net.minecraft.client.server.IntegratedServer/]: Saving and pausing game...
[17Jul2026 19:25:20.688] [Server thread/INFO] [net.minecraft.server.MinecraftServer/]: Saving chunks for level 'ServerLevel[New World]'/minecraft:overworld
[17Jul2026 19:25:20.732] [Server thread/INFO] [net.minecraft.server.MinecraftServer/]: Saving chunks for level 'ServerLevel[New World]'/minecraft:the_end
[17Jul2026 19:25:20.733] [Server thread/INFO] [net.minecraft.server.MinecraftServer/]: Saving chunks for level 'ServerLevel[New World]'/minecraft:the_nether
[17Jul2026 19:25:45.887] [Server thread/INFO] [net.minecraft.client.server.IntegratedServer/]: Saving and pausing game...
[17Jul2026 19:25:46.018] [Server thread/INFO] [net.minecraft.server.MinecraftServer/]: Saving chunks for level 'ServerLevel[New World]'/minecraft:overworld
[17Jul2026 19:25:46.024] [Server thread/INFO] [net.minecraft.server.MinecraftServer/]: Saving chunks for level 'ServerLevel[New World]'/minecraft:the_end
[17Jul2026 19:25:46.025] [Server thread/INFO] [net.minecraft.server.MinecraftServer/]: Saving chunks for level 'ServerLevel[New World]'/minecraft:the_nether
[17Jul2026 19:25:59.388] [Server thread/INFO] [net.minecraft.client.server.IntegratedServer/]: Saving and pausing game...
[17Jul2026 19:25:59.527] [Server thread/INFO] [net.minecraft.server.MinecraftServer/]: Saving chunks for level 'ServerLevel[New World]'/minecraft:overworld
[17Jul2026 19:25:59.531] [Server thread/INFO] [net.minecraft.server.MinecraftServer/]: Saving chunks for level 'ServerLevel[New World]'/minecraft:the_end
[17Jul2026 19:25:59.531] [Server thread/INFO] [net.minecraft.server.MinecraftServer/]: Saving chunks for level 'ServerLevel[New World]'/minecraft:the_nether
[17Jul2026 19:26:00.486] [Server thread/INFO] [net.minecraft.client.server.IntegratedServer/]: Saving and pausing game...
[17Jul2026 19:26:00.654] [Server thread/INFO] [net.minecraft.server.MinecraftServer/]: Saving chunks for level 'ServerLevel[New World]'/minecraft:overworld
[17Jul2026 19:26:00.664] [Server thread/INFO] [net.minecraft.server.MinecraftServer/]: Saving chunks for level 'ServerLevel[New World]'/minecraft:the_end
[17Jul2026 19:26:00.665] [Server thread/INFO] [net.minecraft.server.MinecraftServer/]: Saving chunks for level 'ServerLevel[New World]'/minecraft:the_nether
[17Jul2026 19:26:01.086] [Server thread/INFO] [net.minecraft.server.network.ServerGamePacketListenerImpl/]: Dev lost connection: Disconnected
[17Jul2026 19:26:01.087] [Server thread/INFO] [net.minecraft.server.MinecraftServer/]: Dev left the game
[17Jul2026 19:26:01.130] [Server thread/INFO] [net.minecraft.server.network.ServerCommonPacketListenerImpl/]: Stopping singleplayer server as player logged out
[17Jul2026 19:26:01.147] [Server thread/INFO] [net.minecraft.server.MinecraftServer/]: Stopping server
[17Jul2026 19:26:01.147] [Server thread/INFO] [net.minecraft.server.MinecraftServer/]: Saving players
[17Jul2026 19:26:01.147] [Server thread/INFO] [net.minecraft.server.MinecraftServer/]: Saving worlds
[17Jul2026 19:26:01.275] [Server thread/INFO] [net.minecraft.server.MinecraftServer/]: Saving chunks for level 'ServerLevel[New World]'/minecraft:overworld
[17Jul2026 19:26:01.746] [Server thread/INFO] [net.minecraft.server.MinecraftServer/]: Saving chunks for level 'ServerLevel[New World]'/minecraft:the_end
[17Jul2026 19:26:01.810] [Server thread/INFO] [net.minecraft.server.MinecraftServer/]: Saving chunks for level 'ServerLevel[New World]'/minecraft:the_nether
[17Jul2026 19:26:01.957] [Server thread/INFO] [net.minecraft.server.MinecraftServer/]: ThreadedAnvilChunkStorage (world): All chunks are saved
[17Jul2026 19:26:01.958] [Server thread/INFO] [net.minecraft.server.MinecraftServer/]: ThreadedAnvilChunkStorage (DIM1): All chunks are saved
[17Jul2026 19:26:01.958] [Server thread/INFO] [net.minecraft.server.MinecraftServer/]: ThreadedAnvilChunkStorage (DIM-1): All chunks are saved
[17Jul2026 19:26:01.959] [Server thread/INFO] [net.minecraft.server.MinecraftServer/]: ThreadedAnvilChunkStorage: All dimensions are saved
[17Jul2026 19:26:02.458] [Render thread/INFO] [net.minecraft.client.Minecraft/]: Stopping!
[17Jul2026 19:26:02.614] [Render thread/INFO] [net.neoforged.fml.loading.FMLLoader/]: Closing FML Loader 12c4b985
[17Jul2026 19:26:02.617] [Render thread/INFO] [net.neoforged.fml.ModLoader/]: Clearing ModLoader
